2025-09-27 00:11:25.729 INFO  [main] org.testng.internal.Utils - [TestNG] Running:
  C:\Users\raxit\AppData\Local\JetBrains\IntelliJIdea2023.1\temp-testng-customsuite.xml

2025-09-27 00:12:47.416 INFO  [main] org.testng.internal.Utils - [TestNG] Running:
  C:\Users\raxit\AppData\Local\JetBrains\IntelliJIdea2023.1\temp-testng-customsuite.xml

2025-09-27 00:14:35.216 INFO  [main] org.testng.internal.Utils - [TestNG] Running:
  C:\Users\raxit\AppData\Local\JetBrains\IntelliJIdea2023.1\temp-testng-customsuite.xml

2025-09-27 00:19:22.632 INFO  [main] org.testng.internal.Utils - [TestNG] Running:
  C:\Users\raxit\AppData\Local\JetBrains\IntelliJIdea2023.1\temp-testng-customsuite.xml

2025-09-27 00:20:03.238 INFO  [main] org.testng.internal.Utils - [TestNG] Running:
  C:\Users\raxit\AppData\Local\JetBrains\IntelliJIdea2023.1\temp-testng-customsuite.xml

2025-09-27 10:09:13.595 INFO  [main] RUN - Allure history injected.
2025-09-27 10:09:41.665 INFO  [TestNG-tests-2] RUN - [emulator-5556] environment.properties written/updated.
2025-09-27 10:09:43.114 INFO  [TestNG-tests-2] RUN - [emulator-5556] Screen recording started.
2025-09-27 10:09:53.024 INFO  [TestNG-tests-1] RUN - [emulator-5554] environment.properties written/updated.
2025-09-27 10:09:55.250 INFO  [TestNG-tests-1] RUN - [emulator-5554] Screen recording started.
2025-09-27 10:10:15.891 INFO  [TestNG-tests-2] RUN - [emulator-5556] Recording discarded (status: SUCCESS): testSignupFlow
2025-09-27 10:10:27.371 INFO  [TestNG-tests-1] RUN - [emulator-5554] Recording discarded (status: SUCCESS): testSignupFlow
2025-09-27 10:10:35.183 INFO  [TestNG-tests-2] RUN - [emulator-5556] environment.properties written/updated.
2025-09-27 10:10:36.103 INFO  [TestNG-tests-2] RUN - [emulator-5556] Screen recording started.
2025-09-27 10:10:48.675 INFO  [TestNG-tests-1] RUN - [emulator-5554] environment.properties written/updated.
2025-09-27 10:10:50.048 INFO  [TestNG-tests-1] RUN - [emulator-5554] Screen recording started.
2025-09-27 10:11:06.596 INFO  [TestNG-tests-2] RUN - [emulator-5556] Recording discarded (status: SUCCESS): testSignupFlow
2025-09-27 10:11:20.985 INFO  [TestNG-tests-1] RUN - [emulator-5554] Recording discarded (status: SUCCESS): testSignupFlow
2025-09-27 10:11:22.372 INFO  [main] RUN - Suite finished: Parallel Devices
2025-09-27 10:14:06.285 INFO  [main] RUN - Allure history injected.
2025-09-27 10:14:27.413 INFO  [TestNG-tests-2] RUN - [emulator-5556] environment.properties written/updated.
2025-09-27 10:14:28.240 INFO  [TestNG-tests-2] RUN - [emulator-5556] Screen recording started.
2025-09-27 10:14:30.950 INFO  [TestNG-tests-1] RUN - [emulator-5554] environment.properties written/updated.
2025-09-27 10:14:32.486 INFO  [TestNG-tests-1] RUN - [emulator-5554] Screen recording started.
2025-09-27 10:14:59.705 INFO  [TestNG-tests-2] RUN - [emulator-5556] Recording discarded (status: SUCCESS): testSignupFlow
2025-09-27 10:15:05.020 INFO  [TestNG-tests-1] RUN - [emulator-5554] Recording discarded (status: SUCCESS): testSignupFlow
2025-09-27 10:15:17.725 INFO  [TestNG-tests-2] RUN - [emulator-5556] environment.properties written/updated.
2025-09-27 10:15:18.647 INFO  [TestNG-tests-2] RUN - [emulator-5556] Screen recording started.
2025-09-27 10:15:27.487 INFO  [TestNG-tests-1] RUN - [emulator-5554] environment.properties written/updated.
2025-09-27 10:15:29.109 INFO  [TestNG-tests-1] RUN - [emulator-5554] Screen recording started.
2025-09-27 10:15:49.203 INFO  [TestNG-tests-2] RUN - [emulator-5556] Recording discarded (status: SUCCESS): testSignupFlow
2025-09-27 10:15:59.830 INFO  [TestNG-tests-1] RUN - [emulator-5554] Recording discarded (status: SUCCESS): testSignupFlow
2025-09-27 10:16:01.457 INFO  [main] RUN - Suite finished: Parallel Devices
2025-09-27 10:17:57.924 INFO  [main] RUN - Allure history injected.
2025-09-27 10:18:18.565 INFO  [TestNG-tests-2] RUN - [emulator-5556] environment.properties written/updated.
2025-09-27 10:18:19.520 INFO  [TestNG-tests-2] RUN - [emulator-5556] Screen recording started.
2025-09-27 10:18:24.476 INFO  [TestNG-tests-1] RUN - [emulator-5554] environment.properties written/updated.
2025-09-27 10:18:26.093 INFO  [TestNG-tests-1] RUN - [emulator-5554] Screen recording started.
2025-09-27 10:18:51.536 INFO  [TestNG-tests-2] RUN - [emulator-5556] Recording discarded (status: SUCCESS): testSignupFlow
2025-09-27 10:18:59.313 INFO  [TestNG-tests-1] RUN - [emulator-5554] Recording discarded (status: SUCCESS): testSignupFlow
2025-09-27 10:19:11.096 INFO  [TestNG-tests-2] RUN - [emulator-5556] environment.properties written/updated.
2025-09-27 10:19:12.012 INFO  [TestNG-tests-2] RUN - [emulator-5556] Screen recording started.
2025-09-27 10:19:23.619 INFO  [TestNG-tests-1] RUN - [emulator-5554] environment.properties written/updated.
2025-09-27 10:19:25.169 INFO  [TestNG-tests-1] RUN - [emulator-5554] Screen recording started.
2025-09-27 10:19:46.603 INFO  [TestNG-tests-2] RUN - [emulator-5556] Recording discarded (status: SUCCESS): testSignupFlow
2025-09-27 10:19:58.495 INFO  [TestNG-tests-1] RUN - [emulator-5554] Recording discarded (status: SUCCESS): testSignupFlow
2025-09-27 10:20:06.187 INFO  [TestNG-tests-2] RUN - [emulator-5556] environment.properties written/updated.
2025-09-27 10:20:07.344 INFO  [TestNG-tests-2] RUN - [emulator-5556] Screen recording started.
2025-09-27 10:20:20.006 INFO  [TestNG-tests-1] RUN - [emulator-5554] environment.properties written/updated.
2025-09-27 10:20:21.368 INFO  [TestNG-tests-1] RUN - [emulator-5554] Screen recording started.
2025-09-27 10:20:32.562 INFO  [TestNG-tests-2] RUN - [emulator-5556] Recording discarded (status: SUCCESS): testLogin
2025-09-27 10:20:47.085 INFO  [TestNG-tests-1] RUN - [emulator-5554] Recording discarded (status: SUCCESS): testLogin
2025-09-27 10:20:49.359 INFO  [TestNG-tests-2] RUN - [emulator-5556] environment.properties written/updated.
2025-09-27 10:20:50.165 INFO  [TestNG-tests-2] RUN - [emulator-5556] Screen recording started.
2025-09-27 10:21:07.191 INFO  [TestNG-tests-1] RUN - [emulator-5554] environment.properties written/updated.
2025-09-27 10:21:08.313 INFO  [TestNG-tests-1] RUN - [emulator-5554] Screen recording started.
2025-09-27 10:22:13.202 INFO  [TestNG-tests-2] RUN - [emulator-5556] Recording discarded (status: SUCCESS): testUserProfileUpdate
2025-09-27 10:22:32.012 INFO  [TestNG-tests-1] RUN - [emulator-5554] Recording discarded (status: SUCCESS): testUserProfileUpdate
2025-09-27 10:22:32.266 INFO  [TestNG-tests-2] RUN - [emulator-5556] environment.properties written/updated.
2025-09-27 10:22:33.210 INFO  [TestNG-tests-2] RUN - [emulator-5556] Screen recording started.
2025-09-27 10:22:53.786 INFO  [TestNG-tests-1] RUN - [emulator-5554] environment.properties written/updated.
2025-09-27 10:22:55.155 INFO  [TestNG-tests-1] RUN - [emulator-5554] Screen recording started.
2025-09-27 10:24:16.889 INFO  [TestNG-tests-2] RUN - [emulator-5556] Recording discarded (status: SUCCESS): testHotelSearch
2025-09-27 10:24:30.162 INFO  [TestNG-tests-1] RUN - [emulator-5554] Recording discarded (status: SUCCESS): testHotelSearch
2025-09-27 10:24:39.110 INFO  [TestNG-tests-2] RUN - [emulator-5556] environment.properties written/updated.
2025-09-27 10:24:40.262 INFO  [TestNG-tests-2] RUN - [emulator-5556] Screen recording started.
2025-09-27 10:24:55.614 INFO  [TestNG-tests-1] RUN - [emulator-5554] environment.properties written/updated.
2025-09-27 10:24:56.778 INFO  [TestNG-tests-1] RUN - [emulator-5554] Screen recording started.
2025-09-27 10:25:27.122 INFO  [TestNG-tests-2] RUN - [emulator-5556] Recording discarded (status: SUCCESS): testHotelSearch
2025-09-27 10:25:41.787 INFO  [TestNG-tests-1] RUN - [emulator-5554] Recording discarded (status: SUCCESS): testHotelSearch
2025-09-27 10:25:43.327 INFO  [main] RUN - Suite finished: Parallel Devices
2025-09-27 10:37:37.902 INFO  [main] RUN - Allure history injected.
2025-09-27 10:37:59.294 INFO  [TestNG-tests-2] RUN - [emulator-5556] environment.properties written/updated.
2025-09-27 10:38:00.194 INFO  [TestNG-tests-2] RUN - [emulator-5556] Screen recording started.
2025-09-27 10:38:02.405 INFO  [TestNG-tests-1] RUN - [emulator-5554] environment.properties written/updated.
2025-09-27 10:38:03.573 INFO  [TestNG-tests-1] RUN - [emulator-5554] Screen recording started.
2025-09-27 10:38:24.931 INFO  [TestNG-tests-2] RUN - [emulator-5556] Recording discarded (status: SUCCESS): testSignupFlow
2025-09-27 10:38:34.041 INFO  [TestNG-tests-2] RUN - [emulator-5556] environment.properties written/updated.
2025-09-27 10:38:34.635 INFO  [TestNG-tests-2] RUN - [emulator-5556] Screen recording started.
2025-09-27 10:38:34.916 INFO  [TestNG-tests-1] RUN - [emulator-5554] Recording discarded (status: SUCCESS): testSignupFlow
2025-09-27 10:38:46.265 INFO  [TestNG-tests-1] RUN - [emulator-5554] environment.properties written/updated.
2025-09-27 10:38:46.984 INFO  [TestNG-tests-1] RUN - [emulator-5554] Screen recording started.
2025-09-27 10:39:00.136 INFO  [TestNG-tests-2] RUN - [emulator-5556] Recording discarded (status: SUCCESS): testSignupFlow
2025-09-27 10:39:09.423 INFO  [TestNG-tests-2] RUN - [emulator-5556] environment.properties written/updated.
2025-09-27 10:39:10.000 INFO  [TestNG-tests-2] RUN - [emulator-5556] Screen recording started.
2025-09-27 10:39:13.017 INFO  [TestNG-tests-1] RUN - [emulator-5554] Recording discarded (status: SUCCESS): testSignupFlow
2025-09-27 10:39:26.016 INFO  [TestNG-tests-1] RUN - [emulator-5554] environment.properties written/updated.
2025-09-27 10:39:26.691 INFO  [TestNG-tests-1] RUN - [emulator-5554] Screen recording started.
2025-09-27 10:39:33.057 INFO  [TestNG-tests-2] RUN - [emulator-5556] Recording discarded (status: SUCCESS): testLogin
2025-09-27 10:39:43.651 INFO  [TestNG-tests-2] RUN - [emulator-5556] environment.properties written/updated.
2025-09-27 10:39:44.230 INFO  [TestNG-tests-2] RUN - [emulator-5556] Screen recording started.
2025-09-27 10:39:50.724 INFO  [TestNG-tests-1] RUN - [emulator-5554] Recording discarded (status: SUCCESS): testLogin
2025-09-27 10:40:01.778 INFO  [TestNG-tests-1] RUN - [emulator-5554] environment.properties written/updated.
2025-09-27 10:40:02.373 INFO  [TestNG-tests-1] RUN - [emulator-5554] Screen recording started.
2025-09-27 10:40:57.928 INFO  [TestNG-tests-2] RUN - [emulator-5556] Recording discarded (status: SUCCESS): testUserProfileUpdate
2025-09-27 10:41:07.776 INFO  [TestNG-tests-2] RUN - [emulator-5556] environment.properties written/updated.
2025-09-27 10:41:08.509 INFO  [TestNG-tests-2] RUN - [emulator-5556] Screen recording started.
2025-09-27 10:41:18.463 INFO  [TestNG-tests-1] RUN - [emulator-5554] Recording discarded (status: SUCCESS): testUserProfileUpdate
2025-09-27 10:41:31.801 INFO  [TestNG-tests-1] RUN - [emulator-5554] environment.properties written/updated.
2025-09-27 10:41:33.169 INFO  [TestNG-tests-1] RUN - [emulator-5554] Screen recording started.
2025-09-27 10:42:36.107 INFO  [TestNG-tests-2] RUN - [emulator-5556] Recording discarded (status: SUCCESS): testHotelSearch
2025-09-27 10:42:50.212 INFO  [TestNG-tests-2] RUN - [emulator-5556] environment.properties written/updated.
2025-09-27 10:42:50.941 INFO  [TestNG-tests-2] RUN - [emulator-5556] Screen recording started.
2025-09-27 10:43:04.339 INFO  [TestNG-tests-1] RUN - [emulator-5554] Recording discarded (status: SUCCESS): testHotelSearch
2025-09-27 10:43:18.566 INFO  [TestNG-tests-1] RUN - [emulator-5554] environment.properties written/updated.
2025-09-27 10:43:19.312 INFO  [TestNG-tests-1] RUN - [emulator-5554] Screen recording started.
2025-09-27 10:43:31.595 INFO  [TestNG-tests-2] RUN - [emulator-5556] Recording discarded (status: SUCCESS): testHotelSearch
2025-09-27 10:43:59.130 INFO  [TestNG-tests-1] RUN - [emulator-5554] Recording discarded (status: SUCCESS): testHotelSearch
2025-09-27 10:44:00.200 INFO  [main] RUN - Suite finished: Parallel Devices
2025-09-27 11:00:53.230 INFO  [main] RUN - Allure history injected.
2025-09-27 11:01:06.869 INFO  [TestNG-tests-1] RUN - [emulator-5554] environment.properties up-to-date (skip duplicate).
2025-09-27 11:01:07.533 INFO  [TestNG-tests-1] RUN - [emulator-5554] Screen recording started.
2025-09-27 11:01:16.965 INFO  [TestNG-tests-2] RUN - [emulator-5556] environment.properties written/updated.
2025-09-27 11:01:18.190 INFO  [TestNG-tests-2] RUN - [emulator-5556] Screen recording started.
2025-09-27 11:01:35.113 INFO  [TestNG-tests-1] RUN - [emulator-5554] Recording discarded (status: SUCCESS): testSignupFlow
2025-09-27 11:01:44.361 INFO  [TestNG-tests-2] RUN - [emulator-5556] Recording discarded (status: SUCCESS): testSignupFlow
2025-09-27 11:01:47.156 INFO  [TestNG-tests-1] RUN - [emulator-5554] environment.properties written/updated.
2025-09-27 11:01:47.836 INFO  [TestNG-tests-1] RUN - [emulator-5554] Screen recording started.
2025-09-27 11:01:54.309 INFO  [TestNG-tests-2] RUN - [emulator-5556] environment.properties written/updated.
2025-09-27 11:01:54.955 INFO  [TestNG-tests-2] RUN - [emulator-5556] Screen recording started.
2025-09-27 11:02:19.291 INFO  [TestNG-tests-1] RUN - [emulator-5554] Recording discarded (status: SUCCESS): testSignupFlow
2025-09-27 11:02:21.475 INFO  [TestNG-tests-2] RUN - [emulator-5556] Recording discarded (status: SUCCESS): testSignupFlow
2025-09-27 11:02:31.471 INFO  [TestNG-tests-2] RUN - [emulator-5556] environment.properties up-to-date (skip duplicate).
2025-09-27 11:02:31.698 INFO  [TestNG-tests-1] RUN - [emulator-5554] environment.properties written/updated.
2025-09-27 11:02:32.210 INFO  [TestNG-tests-2] RUN - [emulator-5556] Screen recording started.
2025-09-27 11:02:32.380 INFO  [TestNG-tests-1] RUN - [emulator-5554] Screen recording started.
2025-09-27 11:02:54.533 INFO  [TestNG-tests-2] RUN - [emulator-5556] Recording discarded (status: SUCCESS): testLogin
2025-09-27 11:02:55.872 INFO  [TestNG-tests-1] RUN - [emulator-5554] Recording discarded (status: SUCCESS): testLogin
2025-09-27 11:03:04.260 INFO  [TestNG-tests-2] RUN - [emulator-5556] environment.properties written/updated.
2025-09-27 11:03:04.851 INFO  [TestNG-tests-2] RUN - [emulator-5556] Screen recording started.
2025-09-27 11:03:06.364 INFO  [TestNG-tests-1] RUN - [emulator-5554] environment.properties written/updated.
2025-09-27 11:03:06.886 INFO  [TestNG-tests-1] RUN - [emulator-5554] Screen recording started.
2025-09-27 11:03:17.324 INFO  [TestNG-tests-1] RUN - [emulator-5554] Failure screenshot saved: C:\Users\raxit\IdeaProjects\hotel_appium_frame2\media\emulator-5554\screenshots\tests.Test3_testUserProfileUpdate_T52_1758951196995_shot_FAIL.png
2025-09-27 11:03:18.147 INFO  [TestNG-tests-1] RUN - [emulator-5554] Recording saved: C:\Users\raxit\IdeaProjects\hotel_appium_frame2\media\emulator-5554\videos\tests.Test3_testUserProfileUpdate_T52_1758951198142_video.mp4
2025-09-27 11:03:18.148 INFO  [TestNG-tests-1] RUN - Run log attached: C:\Users\raxit\IdeaProjects\hotel_appium_frame2\logs\test-run.log
2025-09-27 11:03:26.731 INFO  [TestNG-tests-1] RUN - [emulator-5554] environment.properties up-to-date (skip duplicate).
2025-09-27 11:03:27.313 INFO  [TestNG-tests-1] RUN - [emulator-5554] Screen recording started.
2025-09-27 11:04:17.546 INFO  [TestNG-tests-2] RUN - [emulator-5556] Recording discarded (status: SUCCESS): testUserProfileUpdate
2025-09-27 11:04:27.927 INFO  [TestNG-tests-2] RUN - [emulator-5556] environment.properties written/updated.
2025-09-27 11:04:28.577 INFO  [TestNG-tests-2] RUN - [emulator-5556] Screen recording started.
2025-09-27 11:04:41.970 INFO  [TestNG-tests-1] RUN - [emulator-5554] Recording discarded (status: SUCCESS): testHotelSearch
2025-09-27 11:04:53.856 INFO  [TestNG-tests-1] RUN - [emulator-5554] environment.properties written/updated.
2025-09-27 11:04:54.616 INFO  [TestNG-tests-1] RUN - [emulator-5554] Screen recording started.
2025-09-27 11:05:34.488 INFO  [TestNG-tests-1] RUN - [emulator-5554] Recording discarded (status: SUCCESS): testHotelSearch
2025-09-27 11:05:46.676 INFO  [TestNG-tests-2] RUN - [emulator-5556] Recording discarded (status: SUCCESS): testHotelSearch
2025-09-27 11:05:55.128 INFO  [TestNG-tests-2] RUN - [emulator-5556] environment.properties written/updated.
2025-09-27 11:05:55.677 INFO  [TestNG-tests-2] RUN - [emulator-5556] Screen recording started.
2025-09-27 11:06:34.937 INFO  [TestNG-tests-2] RUN - [emulator-5556] Recording discarded (status: SUCCESS): testHotelSearch
2025-09-27 11:06:36.040 INFO  [main] RUN - Suite finished: Parallel Devices
2025-09-27 11:09:29.347 INFO  [main] RUN - Allure history injected.
2025-09-27 11:09:39.522 INFO  [TestNG-tests-2] RUN - [emulator-5556] environment.properties up-to-date (skip duplicate).
2025-09-27 11:09:40.429 INFO  [TestNG-tests-2] RUN - [emulator-5556] Screen recording started.
2025-09-27 11:09:42.059 INFO  [TestNG-tests-1] RUN - [emulator-5554] environment.properties written/updated.
2025-09-27 11:09:42.937 INFO  [TestNG-tests-1] RUN - [emulator-5554] Screen recording started.
2025-09-27 11:10:07.006 INFO  [TestNG-tests-2] RUN - [emulator-5556] Recording discarded (status: SUCCESS): testSignupFlow
2025-09-27 11:10:11.371 INFO  [TestNG-tests-1] RUN - [emulator-5554] Recording discarded (status: SUCCESS): testSignupFlow
2025-09-27 11:10:16.709 INFO  [TestNG-tests-2] RUN - [emulator-5556] environment.properties written/updated.
2025-09-27 11:10:17.379 INFO  [TestNG-tests-2] RUN - [emulator-5556] Screen recording started.
2025-09-27 11:10:24.475 INFO  [TestNG-tests-1] RUN - [emulator-5554] environment.properties written/updated.
2025-09-27 11:10:25.187 INFO  [TestNG-tests-1] RUN - [emulator-5554] Screen recording started.
2025-09-27 11:10:44.738 INFO  [TestNG-tests-2] RUN - [emulator-5556] Recording discarded (status: SUCCESS): testSignupFlow
2025-09-27 11:10:53.796 INFO  [TestNG-tests-1] RUN - [emulator-5554] Recording discarded (status: SUCCESS): testSignupFlow
2025-09-27 11:10:55.058 INFO  [TestNG-tests-2] RUN - [emulator-5556] environment.properties written/updated.
2025-09-27 11:10:55.853 INFO  [TestNG-tests-2] RUN - [emulator-5556] Screen recording started.
2025-09-27 11:11:05.981 INFO  [TestNG-tests-1] RUN - [emulator-5554] environment.properties written/updated.
2025-09-27 11:11:07.019 INFO  [TestNG-tests-1] RUN - [emulator-5554] Screen recording started.
2025-09-27 11:11:18.562 INFO  [TestNG-tests-2] RUN - [emulator-5556] Recording discarded (status: SUCCESS): testLogin
2025-09-27 11:11:28.063 INFO  [TestNG-tests-2] RUN - [emulator-5556] environment.properties written/updated.
2025-09-27 11:11:28.620 INFO  [TestNG-tests-2] RUN - [emulator-5556] Screen recording started.
2025-09-27 11:11:30.113 INFO  [TestNG-tests-1] RUN - [emulator-5554] Recording discarded (status: SUCCESS): testLogin
2025-09-27 11:11:41.490 INFO  [TestNG-tests-1] RUN - [emulator-5554] environment.properties written/updated.
2025-09-27 11:11:42.156 INFO  [TestNG-tests-1] RUN - [emulator-5554] Screen recording started.
2025-09-27 11:14:25.305 INFO  [TestNG-tests-2] RUN - [emulator-5556] Failure screenshot saved: C:\Users\raxit\IdeaProjects\hotel_appium_frame2\media\emulator-5556\screenshots\tests.Test3_testUserProfileUpdate_T55_1758951864226_shot_FAIL.png
2025-09-27 11:14:30.552 INFO  [TestNG-tests-2] RUN - [emulator-5556] Recording saved: C:\Users\raxit\IdeaProjects\hotel_appium_frame2\media\emulator-5556\videos\tests.Test3_testUserProfileUpdate_T55_1758951870154_video.mp4
2025-09-27 11:14:30.556 INFO  [TestNG-tests-2] RUN - Run log attached: C:\Users\raxit\IdeaProjects\hotel_appium_frame2\logs\test-run.log
2025-09-27 11:14:44.324 INFO  [TestNG-tests-2] RUN - [emulator-5556] environment.properties written/updated.
2025-09-27 11:14:45.070 INFO  [TestNG-tests-2] RUN - [emulator-5556] Screen recording started.
2025-09-27 11:15:32.788 INFO  [TestNG-tests-1] RUN - [emulator-5554] Failure screenshot saved: C:\Users\raxit\IdeaProjects\hotel_appium_frame2\media\emulator-5554\screenshots\tests.Test3_testUserProfileUpdate_T54_1758951931225_shot_FAIL.png
2025-09-27 11:15:38.960 INFO  [TestNG-tests-1] RUN - [emulator-5554] Recording saved: C:\Users\raxit\IdeaProjects\hotel_appium_frame2\media\emulator-5554\videos\tests.Test3_testUserProfileUpdate_T54_1758951938720_video.mp4
2025-09-27 11:15:38.962 INFO  [TestNG-tests-1] RUN - Run log attached: C:\Users\raxit\IdeaProjects\hotel_appium_frame2\logs\test-run.log
2025-09-27 11:15:52.765 INFO  [TestNG-tests-2] RUN - [emulator-5556] Failure screenshot saved: C:\Users\raxit\IdeaProjects\hotel_appium_frame2\media\emulator-5556\screenshots\tests.Test4_testHotelSearch_T55_1758951951736_shot_FAIL.png
2025-09-27 11:15:53.927 INFO  [TestNG-tests-1] RUN - [emulator-5554] environment.properties written/updated.
2025-09-27 11:15:54.862 INFO  [TestNG-tests-2] RUN - [emulator-5556] Recording saved: C:\Users\raxit\IdeaProjects\hotel_appium_frame2\media\emulator-5556\videos\tests.Test4_testHotelSearch_T55_1758951954829_video.mp4
2025-09-27 11:15:54.866 INFO  [TestNG-tests-2] RUN - Run log attached: C:\Users\raxit\IdeaProjects\hotel_appium_frame2\logs\test-run.log
2025-09-27 11:15:55.704 INFO  [TestNG-tests-1] RUN - [emulator-5554] Screen recording started.
2025-09-27 11:18:43.828 INFO  [main] RUN - Allure history injected.
2025-09-27 11:18:55.856 INFO  [TestNG-tests-2] RUN - [emulator-5556] environment.properties written/updated.
2025-09-27 11:18:56.410 INFO  [TestNG-tests-2] RUN - [emulator-5556] Screen recording started.
2025-09-27 11:18:59.143 INFO  [TestNG-tests-1] RUN - [emulator-5554] environment.properties written/updated.
2025-09-27 11:19:00.071 INFO  [TestNG-tests-1] RUN - [emulator-5554] Screen recording started.
2025-09-27 11:19:24.103 INFO  [TestNG-tests-2] RUN - [emulator-5556] Recording discarded (status: SUCCESS): testSignupFlow
2025-09-27 11:19:29.110 INFO  [TestNG-tests-1] RUN - [emulator-5554] Recording discarded (status: SUCCESS): testSignupFlow
2025-09-27 11:19:35.454 INFO  [TestNG-tests-2] RUN - [emulator-5556] environment.properties written/updated.
2025-09-27 11:19:36.257 INFO  [TestNG-tests-2] RUN - [emulator-5556] Screen recording started.
2025-09-27 11:19:45.709 INFO  [TestNG-tests-1] RUN - [emulator-5554] environment.properties written/updated.
2025-09-27 11:19:46.291 INFO  [TestNG-tests-1] RUN - [emulator-5554] Screen recording started.
2025-09-27 11:20:03.518 INFO  [TestNG-tests-2] RUN - [emulator-5556] Recording discarded (status: SUCCESS): testSignupFlow
2025-09-27 11:20:12.981 INFO  [TestNG-tests-2] RUN - [emulator-5556] environment.properties written/updated.
2025-09-27 11:20:13.676 INFO  [TestNG-tests-2] RUN - [emulator-5556] Screen recording started.
2025-09-27 11:20:14.740 INFO  [TestNG-tests-1] RUN - [emulator-5554] Recording discarded (status: SUCCESS): testSignupFlow
2025-09-27 11:20:26.972 INFO  [TestNG-tests-1] RUN - [emulator-5554] environment.properties written/updated.
2025-09-27 11:20:27.613 INFO  [TestNG-tests-1] RUN - [emulator-5554] Screen recording started.
2025-09-27 11:20:36.367 INFO  [TestNG-tests-2] RUN - [emulator-5556] Recording discarded (status: SUCCESS): testLogin
2025-09-27 11:20:46.398 INFO  [TestNG-tests-2] RUN - [emulator-5556] environment.properties written/updated.
2025-09-27 11:20:46.951 INFO  [TestNG-tests-2] RUN - [emulator-5556] Screen recording started.
2025-09-27 11:20:50.473 INFO  [TestNG-tests-1] RUN - [emulator-5554] Recording discarded (status: SUCCESS): testLogin
2025-09-27 11:21:02.121 INFO  [TestNG-tests-1] RUN - [emulator-5554] environment.properties written/updated.
2025-09-27 11:21:02.687 INFO  [TestNG-tests-1] RUN - [emulator-5554] Screen recording started.
2025-09-27 11:21:29.324 INFO  [TestNG-tests-2] RUN - [emulator-5556] Recording discarded (status: SUCCESS): testUserProfileUpdate
2025-09-27 11:21:41.498 INFO  [TestNG-tests-2] RUN - [emulator-5556] environment.properties written/updated.
2025-09-27 11:21:42.151 INFO  [TestNG-tests-2] RUN - [emulator-5556] Screen recording started.
2025-09-27 11:21:45.442 INFO  [TestNG-tests-1] RUN - [emulator-5554] Recording discarded (status: SUCCESS): testUserProfileUpdate
2025-09-27 11:21:59.009 INFO  [TestNG-tests-1] RUN - [emulator-5554] environment.properties written/updated.
2025-09-27 11:21:59.577 INFO  [TestNG-tests-1] RUN - [emulator-5554] Screen recording started.
2025-09-27 11:23:01.784 INFO  [TestNG-tests-2] RUN - [emulator-5556] Recording discarded (status: SUCCESS): testHotelSearch
2025-09-27 11:23:14.723 INFO  [TestNG-tests-2] RUN - [emulator-5556] environment.properties written/updated.
2025-09-27 11:23:15.425 INFO  [TestNG-tests-2] RUN - [emulator-5556] Screen recording started.
2025-09-27 11:23:26.646 INFO  [TestNG-tests-1] RUN - [emulator-5554] Recording discarded (status: SUCCESS): testHotelSearch
2025-09-27 11:23:41.353 INFO  [TestNG-tests-1] RUN - [emulator-5554] environment.properties written/updated.
2025-09-27 11:23:41.998 INFO  [TestNG-tests-1] RUN - [emulator-5554] Screen recording started.
2025-09-27 11:24:00.687 INFO  [TestNG-tests-2] RUN - [emulator-5556] Recording discarded (status: SUCCESS): testHotelSearch
2025-09-27 11:24:23.720 INFO  [TestNG-tests-1] RUN - [emulator-5554] Recording discarded (status: SUCCESS): testHotelSearch
2025-09-27 11:24:24.817 INFO  [main] RUN - Suite finished: Parallel Devices
2025-09-27 11:33:00.586 INFO  [main] org.testng.internal.Utils - [TestNG] Running:
  C:\Users\raxit\AppData\Local\JetBrains\IntelliJIdea2023.1\temp-testng-customsuite.xml

2025-09-27 11:37:08.731 INFO  [main] org.testng.internal.Utils - [TestNG] Running:
  C:\Users\raxit\AppData\Local\JetBrains\IntelliJIdea2023.1\temp-testng-customsuite.xml

2025-09-27 11:38:40.104 INFO  [main] org.testng.internal.Utils - [TestNG] Running:
  C:\Users\raxit\IdeaProjects\hotel_appium_frame2\testng-parallel.xml

2025-09-27 11:38:40.174 INFO  [main] RUN - Allure history injected.
2025-09-27 11:39:01.356 INFO  [TestNG-tests-1] RUN - [emulator-5554] environment.properties written/updated.
2025-09-27 11:39:02.434 INFO  [TestNG-tests-1] RUN - [emulator-5554] Screen recording started.
2025-09-27 11:39:09.483 INFO  [TestNG-tests-2] RUN - [emulator-5556] environment.properties written/updated.
2025-09-27 11:39:10.662 INFO  [TestNG-tests-2] RUN - [emulator-5556] Screen recording started.
2025-09-27 11:39:43.346 INFO  [TestNG-tests-1] RUN - [emulator-5554] Recording discarded (status: SUCCESS): testSignupFlow
2025-09-27 11:39:49.043 INFO  [TestNG-tests-2] RUN - [emulator-5556] Recording discarded (status: SUCCESS): testSignupFlow
2025-09-27 11:40:05.435 INFO  [TestNG-tests-1] RUN - [emulator-5554] environment.properties written/updated.
2025-09-27 11:40:06.895 INFO  [TestNG-tests-1] RUN - [emulator-5554] Screen recording started.
2025-09-27 11:40:09.734 INFO  [TestNG-tests-2] RUN - [emulator-5556] environment.properties written/updated.
2025-09-27 11:40:10.812 INFO  [TestNG-tests-2] RUN - [emulator-5556] Screen recording started.
2025-09-27 11:40:48.184 INFO  [TestNG-tests-2] RUN - [emulator-5556] Recording discarded (status: SUCCESS): testSignupFlow
2025-09-27 11:40:48.452 INFO  [TestNG-tests-1] RUN - [emulator-5554] Recording discarded (status: SUCCESS): testSignupFlow
2025-09-27 11:41:08.815 INFO  [TestNG-tests-2] RUN - [emulator-5556] environment.properties up-to-date (skip duplicate).
2025-09-27 11:41:09.792 INFO  [TestNG-tests-2] RUN - [emulator-5556] Screen recording started.
2025-09-27 11:41:11.895 INFO  [TestNG-tests-1] RUN - [emulator-5554] environment.properties written/updated.
2025-09-27 11:41:13.091 INFO  [TestNG-tests-1] RUN - [emulator-5554] Screen recording started.
2025-09-27 11:41:37.613 INFO  [TestNG-tests-2] RUN - [emulator-5556] Recording discarded (status: SUCCESS): testLogin
2025-09-27 11:41:43.110 INFO  [TestNG-tests-1] RUN - [emulator-5554] Recording discarded (status: SUCCESS): testLogin
2025-09-27 11:41:57.065 INFO  [TestNG-tests-2] RUN - [emulator-5556] environment.properties written/updated.
2025-09-27 11:41:58.031 INFO  [TestNG-tests-2] RUN - [emulator-5556] Screen recording started.
2025-09-27 11:42:05.838 INFO  [TestNG-tests-1] RUN - [emulator-5554] environment.properties written/updated.
2025-09-27 11:42:07.173 INFO  [TestNG-tests-1] RUN - [emulator-5554] Screen recording started.
2025-09-27 11:42:22.344 INFO  [TestNG-tests-2] RUN - [emulator-5556] Recording discarded (status: SUCCESS): testLogin
2025-09-27 11:42:33.250 INFO  [TestNG-tests-1] RUN - [emulator-5554] Recording discarded (status: SUCCESS): testLogin
2025-09-27 11:42:41.930 INFO  [TestNG-tests-2] RUN - [emulator-5556] environment.properties written/updated.
2025-09-27 11:42:42.863 INFO  [TestNG-tests-2] RUN - [emulator-5556] Screen recording started.
2025-09-27 11:42:56.624 INFO  [TestNG-tests-1] RUN - [emulator-5554] environment.properties written/updated.
2025-09-27 11:42:57.674 INFO  [TestNG-tests-1] RUN - [emulator-5554] Screen recording started.
2025-09-27 11:43:06.919 INFO  [TestNG-tests-2] RUN - [emulator-5556] Recording discarded (status: SUCCESS): testLogin
2025-09-27 11:43:25.077 INFO  [TestNG-tests-2] RUN - [emulator-5556] environment.properties written/updated.
2025-09-27 11:43:25.908 INFO  [TestNG-tests-2] RUN - [emulator-5556] Screen recording started.
2025-09-27 11:43:56.886 INFO  [TestNG-tests-2] RUN - [emulator-5556] Failure screenshot saved: C:\Users\raxit\IdeaProjects\hotel_appium_frame2\media\emulator-5556\screenshots\tests.Test3_testUserProfileUpdate_T52_1758953634516_shot_FAIL.png
2025-09-27 11:43:58.325 INFO  [TestNG-tests-2] RUN - [emulator-5556] Recording saved: C:\Users\raxit\IdeaProjects\hotel_appium_frame2\media\emulator-5556\videos\tests.Test3_testUserProfileUpdate_T52_1758953638313_video.mp4
2025-09-27 11:43:58.330 INFO  [TestNG-tests-2] RUN - Run log attached: C:\Users\raxit\IdeaProjects\hotel_appium_frame2\logs\test-run.log
2025-09-27 11:43:59.228 ERROR [TestNG-tests-2] io.qameta.allure.AllureLifecycle - Could not add attachment: no test is running
2025-09-27 11:43:59.231 INFO  [TestNG-tests-2] RUN - Run log attached: C:\Users\raxit\IdeaProjects\hotel_appium_frame2\logs\test-run.log
2025-09-27 11:43:59.233 ERROR [TestNG-tests-2] io.qameta.allure.AllureLifecycle - Could not add attachment: no test is running
2025-09-27 11:46:16.261 INFO  [main] org.testng.internal.Utils - [TestNG] Running:
  C:\Users\raxit\AppData\Local\JetBrains\IntelliJIdea2023.1\temp-testng-customsuite.xml

2025-09-27 11:49:37.441 INFO  [main] org.testng.internal.Utils - [TestNG] Running:
  C:\Users\raxit\AppData\Local\JetBrains\IntelliJIdea2023.1\temp-testng-customsuite.xml

2025-09-27 11:51:33.482 INFO  [main] org.testng.internal.Utils - [TestNG] Running:
  C:\Users\raxit\AppData\Local\JetBrains\IntelliJIdea2023.1\temp-testng-customsuite.xml

2025-09-27 11:51:52.159 INFO  [main] org.testng.internal.Utils - [TestNG] Running:
  C:\Users\raxit\AppData\Local\JetBrains\IntelliJIdea2023.1\temp-testng-customsuite.xml

2025-09-27 11:52:01.841 INFO  [main] org.testng.internal.Utils - [TestNG] Running:
  C:\Users\raxit\AppData\Local\JetBrains\IntelliJIdea2023.1\temp-testng-customsuite.xml

2025-09-27 11:52:26.264 INFO  [main] org.testng.internal.Utils - [TestNG] Running:
  C:\Users\raxit\AppData\Local\JetBrains\IntelliJIdea2023.1\temp-testng-customsuite.xml

2025-09-27 11:52:46.182 INFO  [main] org.testng.internal.Utils - [TestNG] Running:
  C:\Users\raxit\AppData\Local\JetBrains\IntelliJIdea2023.1\temp-testng-customsuite.xml

2025-09-27 11:53:14.990 INFO  [main] org.testng.internal.Utils - [TestNG] Running:
  C:\Users\raxit\AppData\Local\JetBrains\IntelliJIdea2023.1\temp-testng-customsuite.xml

2025-09-27 11:53:48.030 INFO  [main] org.testng.internal.Utils - [TestNG] Running:
  C:\Users\raxit\AppData\Local\JetBrains\IntelliJIdea2023.1\temp-testng-customsuite.xml

2025-09-27 11:55:59.221 INFO  [main] org.testng.internal.Utils - [TestNG] Running:
  C:\Users\raxit\AppData\Local\JetBrains\IntelliJIdea2023.1\temp-testng-customsuite.xml

2025-09-27 11:56:25.950 INFO  [main] org.testng.internal.Utils - [TestNG] Running:
  C:\Users\raxit\AppData\Local\JetBrains\IntelliJIdea2023.1\temp-testng-customsuite.xml

2025-09-27 11:57:12.197 INFO  [main] org.testng.internal.Utils - [TestNG] Running:
  C:\Users\raxit\AppData\Local\JetBrains\IntelliJIdea2023.1\temp-testng-customsuite.xml

2025-09-27 11:59:35.772 INFO  [main] org.testng.internal.Utils - [TestNG] Running:
  C:\Users\raxit\AppData\Local\JetBrains\IntelliJIdea2023.1\temp-testng-customsuite.xml

2025-09-27 12:03:37.455 INFO  [main] org.testng.internal.Utils - [TestNG] Running:
  C:\Users\raxit\AppData\Local\JetBrains\IntelliJIdea2023.1\temp-testng-customsuite.xml

2025-09-27 12:06:14.470 INFO  [main] org.testng.internal.Utils - [TestNG] Running:
  C:\Users\raxit\AppData\Local\JetBrains\IntelliJIdea2023.1\temp-testng-customsuite.xml

2025-09-27 12:06:55.060 INFO  [main] org.testng.internal.Utils - [TestNG] Running:
  C:\Users\raxit\AppData\Local\JetBrains\IntelliJIdea2023.1\temp-testng-customsuite.xml

2025-09-27 12:07:49.984 INFO  [main] org.testng.internal.Utils - [TestNG] Running:
  C:\Users\raxit\AppData\Local\JetBrains\IntelliJIdea2023.1\temp-testng-customsuite.xml

2025-09-27 12:10:27.923 INFO  [main] org.testng.internal.Utils - [TestNG] Running:
  C:\Users\raxit\AppData\Local\JetBrains\IntelliJIdea2023.1\temp-testng-customsuite.xml

2025-09-27 12:20:05.213 INFO  [main] org.testng.internal.Utils - [TestNG] Running:
  C:\Users\raxit\AppData\Local\JetBrains\IntelliJIdea2023.1\temp-testng-customsuite.xml

2025-09-27 12:26:03.754 INFO  [main] RUN - Allure history injected.
2025-09-27 12:26:21.871 INFO  [TestNG-tests-1] RUN - [emulator-5554] environment.properties written/updated.
2025-09-27 12:26:23.079 INFO  [TestNG-tests-1] RUN - [emulator-5554] Screen recording started.
2025-09-27 12:26:26.509 INFO  [TestNG-tests-2] RUN - [emulator-5556] environment.properties written/updated.
2025-09-27 12:26:27.376 INFO  [TestNG-tests-2] RUN - [emulator-5556] Screen recording started.
2025-09-27 12:26:56.228 INFO  [TestNG-tests-1] RUN - [emulator-5554] Recording discarded (status: SUCCESS): testSignupFlow
2025-09-27 12:26:58.808 INFO  [TestNG-tests-2] RUN - [emulator-5556] Recording discarded (status: SUCCESS): testSignupFlow
2025-09-27 12:27:09.648 INFO  [TestNG-tests-2] RUN - [emulator-5556] environment.properties up-to-date (skip duplicate).
2025-09-27 12:27:10.344 INFO  [TestNG-tests-2] RUN - [emulator-5556] Screen recording started.
2025-09-27 12:27:12.279 INFO  [TestNG-tests-1] RUN - [emulator-5554] environment.properties written/updated.
2025-09-27 12:27:13.288 INFO  [TestNG-tests-1] RUN - [emulator-5554] Screen recording started.
2025-09-27 12:27:41.140 INFO  [TestNG-tests-2] RUN - [emulator-5556] Recording discarded (status: SUCCESS): testSignupFlow
2025-09-27 12:27:46.420 INFO  [TestNG-tests-1] RUN - [emulator-5554] Recording discarded (status: SUCCESS): testSignupFlow
2025-09-27 12:27:53.526 INFO  [TestNG-tests-2] RUN - [emulator-5556] environment.properties written/updated.
2025-09-27 12:27:54.266 INFO  [TestNG-tests-2] RUN - [emulator-5556] Screen recording started.
2025-09-27 12:28:01.804 INFO  [TestNG-tests-1] RUN - [emulator-5554] environment.properties written/updated.
2025-09-27 12:28:02.686 INFO  [TestNG-tests-1] RUN - [emulator-5554] Screen recording started.
2025-09-27 12:28:14.498 INFO  [TestNG-tests-2] RUN - [emulator-5556] Recording discarded (status: SUCCESS): testLogin
2025-09-27 12:28:23.955 INFO  [TestNG-tests-1] RUN - [emulator-5554] Recording discarded (status: SUCCESS): testLogin
2025-09-27 12:28:24.468 INFO  [TestNG-tests-2] RUN - [emulator-5556] environment.properties written/updated.
2025-09-27 12:28:25.655 INFO  [TestNG-tests-2] RUN - [emulator-5556] Screen recording started.
2025-09-27 12:28:37.457 INFO  [TestNG-tests-1] RUN - [emulator-5554] environment.properties written/updated.
2025-09-27 12:28:38.254 INFO  [TestNG-tests-1] RUN - [emulator-5554] Screen recording started.
2025-09-27 12:28:45.600 INFO  [TestNG-tests-2] RUN - [emulator-5556] Recording discarded (status: SUCCESS): testLogin
2025-09-27 12:28:56.300 INFO  [TestNG-tests-2] RUN - [emulator-5556] environment.properties written/updated.
2025-09-27 12:28:56.860 INFO  [TestNG-tests-2] RUN - [emulator-5556] Screen recording started.
2025-09-27 12:29:00.320 INFO  [TestNG-tests-1] RUN - [emulator-5554] Recording discarded (status: SUCCESS): testLogin
2025-09-27 12:29:14.341 INFO  [TestNG-tests-1] RUN - [emulator-5554] environment.properties written/updated.
2025-09-27 12:29:15.134 INFO  [TestNG-tests-1] RUN - [emulator-5554] Screen recording started.
2025-09-27 12:29:20.297 INFO  [TestNG-tests-2] RUN - [emulator-5556] Recording discarded (status: SUCCESS): testLogin
2025-09-27 12:29:30.750 INFO  [TestNG-tests-2] RUN - [emulator-5556] environment.properties written/updated.
2025-09-27 12:29:31.412 INFO  [TestNG-tests-2] RUN - [emulator-5556] Screen recording started.
2025-09-27 12:29:40.278 INFO  [TestNG-tests-1] RUN - [emulator-5554] Recording discarded (status: SUCCESS): testLogin
2025-09-27 12:29:51.842 INFO  [TestNG-tests-1] RUN - [emulator-5554] environment.properties written/updated.
2025-09-27 12:29:52.430 INFO  [TestNG-tests-1] RUN - [emulator-5554] Screen recording started.
2025-09-27 12:30:37.215 INFO  [TestNG-tests-2] RUN - [emulator-5556] Recording discarded (status: SUCCESS): testUserProfileUpdate
2025-09-27 12:30:46.420 INFO  [TestNG-tests-2] RUN - [emulator-5556] environment.properties written/updated.
2025-09-27 12:30:47.347 INFO  [TestNG-tests-2] RUN - [emulator-5556] Screen recording started.
2025-09-27 12:30:54.536 INFO  [TestNG-tests-1] RUN - [emulator-5554] Recording discarded (status: SUCCESS): testUserProfileUpdate
2025-09-27 12:31:04.919 INFO  [TestNG-tests-1] RUN - [emulator-5554] environment.properties written/updated.
2025-09-27 12:31:05.453 INFO  [TestNG-tests-1] RUN - [emulator-5554] Screen recording started.
2025-09-27 12:31:36.495 INFO  [TestNG-tests-2] RUN - [emulator-5556] Recording discarded (status: SUCCESS): testUserProfileUpdate
2025-09-27 12:31:50.432 INFO  [TestNG-tests-2] RUN - [emulator-5556] environment.properties written/updated.
2025-09-27 12:31:51.176 INFO  [TestNG-tests-2] RUN - [emulator-5556] Screen recording started.
2025-09-27 12:32:03.153 INFO  [TestNG-tests-1] RUN - [emulator-5554] Recording discarded (status: SUCCESS): testUserProfileUpdate
2025-09-27 12:32:19.592 INFO  [TestNG-tests-1] RUN - [emulator-5554] environment.properties written/updated.
2025-09-27 12:32:20.564 INFO  [TestNG-tests-1] RUN - [emulator-5554] Screen recording started.
2025-09-27 12:33:21.966 INFO  [TestNG-tests-2] RUN - [emulator-5556] Recording discarded (status: SUCCESS): testHotelSearch
2025-09-27 12:33:35.263 INFO  [TestNG-tests-2] RUN - [emulator-5556] environment.properties written/updated.
2025-09-27 12:33:36.088 INFO  [TestNG-tests-2] RUN - [emulator-5556] Screen recording started.
2025-09-27 12:33:49.668 INFO  [TestNG-tests-1] RUN - [emulator-5554] Failure screenshot saved: C:\Users\raxit\IdeaProjects\hotel_appium_frame2\media\emulator-5554\screenshots\tests.Test4_testHotelSearch_T53_1758956626228_shot_FAIL.png
2025-09-27 12:33:52.050 INFO  [TestNG-tests-1] RUN - [emulator-5554] Recording saved: C:\Users\raxit\IdeaProjects\hotel_appium_frame2\media\emulator-5554\videos\tests.Test4_testHotelSearch_T53_1758956632005_video.mp4
2025-09-27 12:33:52.054 INFO  [TestNG-tests-1] RUN - Run log attached: C:\Users\raxit\IdeaProjects\hotel_appium_frame2\logs\test-run.log
2025-09-27 12:34:09.708 INFO  [TestNG-tests-1] RUN - [emulator-5554] environment.properties written/updated.
2025-09-27 12:34:11.034 INFO  [TestNG-tests-1] RUN - [emulator-5554] Screen recording started.
2025-09-27 12:34:30.165 INFO  [TestNG-tests-2] RUN - [emulator-5556] Recording discarded (status: SUCCESS): testHotelSearch
2025-09-27 12:35:04.709 INFO  [TestNG-tests-1] RUN - [emulator-5554] Recording discarded (status: SUCCESS): testHotelSearch
2025-09-27 12:35:05.766 INFO  [main] RUN - Suite finished: Parallel Devices
2025-09-27 13:11:12.602 INFO  [main] RUN - Allure history injected.
2025-09-27 13:11:33.352 INFO  [TestNG-tests-2] RUN - [emulator-5556] environment.properties written/updated.
2025-09-27 13:11:34.136 INFO  [TestNG-tests-2] RUN - [emulator-5556] Screen recording started.
2025-09-27 13:11:35.740 INFO  [TestNG-tests-1] RUN - [emulator-5554] environment.properties written/updated.
2025-09-27 13:11:37.096 INFO  [TestNG-tests-1] RUN - [emulator-5554] Screen recording started.
2025-09-27 13:12:08.164 INFO  [TestNG-tests-2] RUN - [emulator-5556] Recording discarded (status: SUCCESS): testSignupFlow
2025-09-27 13:12:17.441 INFO  [TestNG-tests-1] RUN - [emulator-5554] Recording discarded (status: SUCCESS): testSignupFlow
2025-09-27 13:12:20.597 INFO  [TestNG-tests-2] RUN - [emulator-5556] environment.properties written/updated.
2025-09-27 13:12:21.164 INFO  [TestNG-tests-2] RUN - [emulator-5556] Screen recording started.
2025-09-27 13:12:33.109 INFO  [TestNG-tests-1] RUN - [emulator-5554] environment.properties written/updated.
2025-09-27 13:12:33.919 INFO  [TestNG-tests-1] RUN - [emulator-5554] Screen recording started.
2025-09-27 13:12:54.586 INFO  [TestNG-tests-2] RUN - [emulator-5556] Recording discarded (status: SUCCESS): testSignupFlow
2025-09-27 13:13:06.944 INFO  [TestNG-tests-2] RUN - [emulator-5556] environment.properties written/updated.
2025-09-27 13:13:07.745 INFO  [TestNG-tests-2] RUN - [emulator-5556] Screen recording started.
2025-09-27 13:13:11.530 INFO  [TestNG-tests-1] RUN - [emulator-5554] Recording discarded (status: SUCCESS): testSignupFlow
2025-09-27 13:13:26.400 INFO  [TestNG-tests-1] RUN - [emulator-5554] environment.properties written/updated.
2025-09-27 13:13:26.952 INFO  [TestNG-tests-1] RUN - [emulator-5554] Screen recording started.
2025-09-27 13:13:29.425 INFO  [TestNG-tests-2] RUN - [emulator-5556] Recording discarded (status: SUCCESS): testLogin
2025-09-27 13:13:42.393 INFO  [TestNG-tests-2] RUN - [emulator-5556] environment.properties written/updated.
2025-09-27 13:13:43.040 INFO  [TestNG-tests-2] RUN - [emulator-5556] Screen recording started.
2025-09-27 13:13:51.297 INFO  [TestNG-tests-1] RUN - [emulator-5554] Recording discarded (status: SUCCESS): testLogin
2025-09-27 13:14:04.877 INFO  [TestNG-tests-2] RUN - [emulator-5556] Recording discarded (status: SUCCESS): testLogin
2025-09-27 13:14:05.564 INFO  [TestNG-tests-1] RUN - [emulator-5554] environment.properties written/updated.
2025-09-27 13:14:06.448 INFO  [TestNG-tests-1] RUN - [emulator-5554] Screen recording started.
2025-09-27 13:14:17.334 INFO  [TestNG-tests-2] RUN - [emulator-5556] environment.properties written/updated.
2025-09-27 13:14:17.922 INFO  [TestNG-tests-2] RUN - [emulator-5556] Screen recording started.
2025-09-27 13:14:29.887 INFO  [TestNG-tests-1] RUN - [emulator-5554] Recording discarded (status: SUCCESS): testLogin
2025-09-27 13:14:42.419 INFO  [TestNG-tests-1] RUN - [emulator-5554] environment.properties written/updated.
2025-09-27 13:14:42.602 INFO  [TestNG-tests-2] RUN - [emulator-5556] Recording discarded (status: SUCCESS): testLogin
2025-09-27 13:14:43.101 INFO  [TestNG-tests-1] RUN - [emulator-5554] Screen recording started.
2025-09-27 13:14:52.815 INFO  [TestNG-tests-2] RUN - [emulator-5556] environment.properties written/updated.
2025-09-27 13:14:53.857 INFO  [TestNG-tests-2] RUN - [emulator-5556] Screen recording started.
2025-09-27 13:15:10.835 INFO  [TestNG-tests-1] RUN - [emulator-5554] Recording discarded (status: SUCCESS): testLogin
2025-09-27 13:15:22.640 INFO  [TestNG-tests-1] RUN - [emulator-5554] environment.properties written/updated.
2025-09-27 13:15:23.299 INFO  [TestNG-tests-1] RUN - [emulator-5554] Screen recording started.
2025-09-27 13:19:39.921 INFO  [TestNG-tests-2] RUN - [emulator-5556] Failure screenshot saved: C:\Users\raxit\IdeaProjects\hotel_appium_frame2\media\emulator-5556\screenshots\tests.Test3_testUserProfileUpdate_T54_1758959378753_shot_FAIL.png
2025-09-27 13:19:42.065 INFO  [TestNG-tests-2] RUN - [emulator-5556] Recording saved: C:\Users\raxit\IdeaProjects\hotel_appium_frame2\media\emulator-5556\videos\tests.Test3_testUserProfileUpdate_T54_1758959381901_video.mp4
2025-09-27 13:19:42.068 INFO  [TestNG-tests-2] RUN - Run log attached: C:\Users\raxit\IdeaProjects\hotel_appium_frame2\logs\test-run.log
2025-09-27 13:19:49.708 INFO  [TestNG-tests-2] RUN - [emulator-5556] environment.properties written/updated.
2025-09-27 13:19:50.223 INFO  [TestNG-tests-2] RUN - [emulator-5556] Screen recording started.
2025-09-27 13:20:04.394 INFO  [TestNG-tests-2] RUN - [emulator-5556] Failure screenshot saved: C:\Users\raxit\IdeaProjects\hotel_appium_frame2\media\emulator-5556\screenshots\tests.Test3_testUserProfileUpdate_T54_1758959403280_shot_FAIL.png
2025-09-27 13:20:06.944 INFO  [TestNG-tests-2] RUN - [emulator-5556] Recording saved: C:\Users\raxit\IdeaProjects\hotel_appium_frame2\media\emulator-5556\videos\tests.Test3_testUserProfileUpdate_T54_1758959406936_video.mp4
2025-09-27 13:20:06.945 INFO  [TestNG-tests-2] RUN - Run log attached: C:\Users\raxit\IdeaProjects\hotel_appium_frame2\logs\test-run.log
2025-09-27 13:20:12.013 INFO  [TestNG-tests-1] RUN - [emulator-5554] Failure screenshot saved: C:\Users\raxit\IdeaProjects\hotel_appium_frame2\media\emulator-5554\screenshots\tests.Test3_testUserProfileUpdate_T53_1758959410559_shot_FAIL.png
2025-09-27 13:20:16.011 INFO  [TestNG-tests-1] RUN - [emulator-5554] Recording saved: C:\Users\raxit\IdeaProjects\hotel_appium_frame2\media\emulator-5554\videos\tests.Test3_testUserProfileUpdate_T53_1758959415966_video.mp4
2025-09-27 13:20:16.013 INFO  [TestNG-tests-1] RUN - Run log attached: C:\Users\raxit\IdeaProjects\hotel_appium_frame2\logs\test-run.log
2025-09-27 13:20:18.886 INFO  [TestNG-tests-2] RUN - [emulator-5556] environment.properties up-to-date (skip duplicate).
2025-09-27 13:20:19.700 INFO  [TestNG-tests-2] RUN - [emulator-5556] Screen recording started.
2025-09-27 13:20:27.010 INFO  [TestNG-tests-1] RUN - [emulator-5554] environment.properties written/updated.
2025-09-27 13:20:27.560 INFO  [TestNG-tests-1] RUN - [emulator-5554] Screen recording started.
2025-09-27 13:20:38.441 INFO  [TestNG-tests-1] RUN - [emulator-5554] Failure screenshot saved: C:\Users\raxit\IdeaProjects\hotel_appium_frame2\media\emulator-5554\screenshots\tests.Test3_testUserProfileUpdate_T53_1758959437788_shot_FAIL.png
2025-09-27 13:20:39.408 INFO  [TestNG-tests-1] RUN - [emulator-5554] Recording saved: C:\Users\raxit\IdeaProjects\hotel_appium_frame2\media\emulator-5554\videos\tests.Test3_testUserProfileUpdate_T53_1758959439405_video.mp4
2025-09-27 13:20:39.410 INFO  [TestNG-tests-1] RUN - Run log attached: C:\Users\raxit\IdeaProjects\hotel_appium_frame2\logs\test-run.log
2025-09-27 13:20:49.587 INFO  [TestNG-tests-2] RUN - [emulator-5556] Failure screenshot saved: C:\Users\raxit\IdeaProjects\hotel_appium_frame2\media\emulator-5556\screenshots\tests.Test4_testHotelSearch_T54_1758959448354_shot_FAIL.png
2025-09-27 13:20:50.666 INFO  [TestNG-tests-2] RUN - [emulator-5556] Recording saved: C:\Users\raxit\IdeaProjects\hotel_appium_frame2\media\emulator-5556\videos\tests.Test4_testHotelSearch_T54_1758959450654_video.mp4
2025-09-27 13:20:50.669 INFO  [TestNG-tests-2] RUN - Run log attached: C:\Users\raxit\IdeaProjects\hotel_appium_frame2\logs\test-run.log
2025-09-27 13:20:52.098 INFO  [TestNG-tests-1] RUN - [emulator-5554] environment.properties up-to-date (skip duplicate).
2025-09-27 13:20:53.031 INFO  [TestNG-tests-1] RUN - [emulator-5554] Screen recording started.
2025-09-27 13:21:02.473 INFO  [TestNG-tests-2] RUN - [emulator-5556] environment.properties written/updated.
2025-09-27 13:21:03.117 INFO  [TestNG-tests-2] RUN - [emulator-5556] Screen recording started.
2025-09-27 13:21:22.134 INFO  [TestNG-tests-1] RUN - [emulator-5554] Failure screenshot saved: C:\Users\raxit\IdeaProjects\hotel_appium_frame2\media\emulator-5554\screenshots\tests.Test4_testHotelSearch_T53_1758959481077_shot_FAIL.png
2025-09-27 13:21:23.197 INFO  [TestNG-tests-1] RUN - [emulator-5554] Recording saved: C:\Users\raxit\IdeaProjects\hotel_appium_frame2\media\emulator-5554\videos\tests.Test4_testHotelSearch_T53_1758959483192_video.mp4
2025-09-27 13:21:23.198 INFO  [TestNG-tests-1] RUN - Run log attached: C:\Users\raxit\IdeaProjects\hotel_appium_frame2\logs\test-run.log
2025-09-27 13:21:37.542 INFO  [TestNG-tests-1] RUN - [emulator-5554] environment.properties written/updated.
2025-09-27 13:21:38.296 INFO  [TestNG-tests-1] RUN - [emulator-5554] Screen recording started.
2025-09-27 13:21:55.975 INFO  [TestNG-tests-2] RUN - [emulator-5556] Recording discarded (status: SUCCESS): testHotelSearch
2025-09-27 13:22:39.946 INFO  [main] org.testng.internal.Utils - [TestNG] Running:
  C:\Users\raxit\AppData\Local\JetBrains\IntelliJIdea2023.1\temp-testng-customsuite.xml

2025-09-27 13:40:17.269 INFO  [main] org.testng.internal.Utils - [TestNG] Running:
  C:\Users\raxit\AppData\Local\JetBrains\IntelliJIdea2023.1\temp-testng-customsuite.xml

2025-09-27 13:40:24.243 INFO  [main] org.testng.internal.Utils - [TestNG] Running:
  C:\Users\raxit\AppData\Local\JetBrains\IntelliJIdea2023.1\temp-testng-customsuite.xml

2025-09-27 13:40:41.812 INFO  [main] org.testng.internal.Utils - [TestNG] Running:
  C:\Users\raxit\AppData\Local\JetBrains\IntelliJIdea2023.1\temp-testng-customsuite.xml

2025-09-27 13:41:32.437 INFO  [main] RUN - Allure history injected.
2025-09-27 13:41:43.845 INFO  [TestNG-tests-2] RUN - [emulator-5556] environment.properties written/updated.
2025-09-27 13:41:44.909 INFO  [TestNG-tests-2] RUN - [emulator-5556] Screen recording started.
2025-09-27 13:41:46.443 INFO  [TestNG-tests-1] RUN - [emulator-5554] environment.properties written/updated.
2025-09-27 13:41:47.352 INFO  [TestNG-tests-1] RUN - [emulator-5554] Screen recording started.
2025-09-27 13:42:19.758 INFO  [TestNG-tests-2] RUN - [emulator-5556] Recording discarded (status: SUCCESS): testSignupFlow
2025-09-27 13:42:25.814 INFO  [TestNG-tests-1] RUN - [emulator-5554] Recording discarded (status: SUCCESS): testSignupFlow
2025-09-27 13:42:32.165 INFO  [TestNG-tests-2] RUN - [emulator-5556] environment.properties written/updated.
2025-09-27 13:42:32.990 INFO  [TestNG-tests-2] RUN - [emulator-5556] Screen recording started.
2025-09-27 13:42:41.731 INFO  [TestNG-tests-1] RUN - [emulator-5554] environment.properties written/updated.
2025-09-27 13:42:42.734 INFO  [TestNG-tests-1] RUN - [emulator-5554] Screen recording started.
2025-09-27 13:42:58.739 INFO  [TestNG-tests-2] RUN - [emulator-5556] Recording discarded (status: SUCCESS): testLogin
2025-09-27 13:43:08.511 INFO  [TestNG-tests-2] RUN - [emulator-5556] environment.properties written/updated.
2025-09-27 13:43:09.422 INFO  [TestNG-tests-2] RUN - [emulator-5556] Screen recording started.
2025-09-27 13:43:10.053 INFO  [TestNG-tests-1] RUN - [emulator-5554] Recording discarded (status: SUCCESS): testLogin
2025-09-27 13:43:24.498 INFO  [TestNG-tests-1] RUN - [emulator-5554] environment.properties written/updated.
2025-09-27 13:43:25.195 INFO  [TestNG-tests-1] RUN - [emulator-5554] Screen recording started.
2025-09-27 13:44:03.711 INFO  [TestNG-tests-2] RUN - [emulator-5556] Recording discarded (status: SUCCESS): testUserProfileUpdate
2025-09-27 13:44:16.367 INFO  [TestNG-tests-2] RUN - [emulator-5556] environment.properties written/updated.
2025-09-27 13:44:17.190 INFO  [TestNG-tests-2] RUN - [emulator-5556] Screen recording started.
2025-09-27 13:44:22.683 INFO  [TestNG-tests-1] RUN - [emulator-5554] Recording discarded (status: SUCCESS): testUserProfileUpdate
2025-09-27 13:44:38.366 INFO  [TestNG-tests-1] RUN - [emulator-5554] environment.properties written/updated.
2025-09-27 13:44:39.209 INFO  [TestNG-tests-1] RUN - [emulator-5554] Screen recording started.
2025-09-27 13:46:06.438 INFO  [TestNG-tests-2] RUN - [emulator-5556] Recording discarded (status: SUCCESS): testHotelSearch
2025-09-27 13:46:21.426 INFO  [TestNG-tests-2] RUN - [emulator-5556] environment.properties written/updated.
2025-09-27 13:46:22.136 INFO  [TestNG-tests-2] RUN - [emulator-5556] Screen recording started.
2025-09-27 13:46:23.224 INFO  [TestNG-tests-1] RUN - [emulator-5554] Recording discarded (status: SUCCESS): testHotelSearch
2025-09-27 13:46:44.221 INFO  [TestNG-tests-1] RUN - [emulator-5554] environment.properties written/updated.
2025-09-27 13:46:45.095 INFO  [TestNG-tests-1] RUN - [emulator-5554] Screen recording started.
2025-09-27 13:47:11.149 INFO  [TestNG-tests-2] RUN - [emulator-5556] Recording discarded (status: SUCCESS): testHotelSearch
2025-09-27 13:47:39.286 INFO  [TestNG-tests-1] RUN - [emulator-5554] Recording discarded (status: SUCCESS): testHotelSearch
2025-09-27 13:47:40.236 INFO  [main] RUN - Suite finished: Parallel Devices
2025-09-27 13:53:58.104 INFO  [main] RUN - Allure history injected.
2025-09-27 13:54:10.739 INFO  [TestNG-tests-2] RUN - [emulator-5556] environment.properties written/updated.
2025-09-27 13:54:11.358 INFO  [TestNG-tests-2] RUN - [emulator-5556] Screen recording started.
2025-09-27 13:54:15.793 INFO  [TestNG-tests-1] RUN - [emulator-5554] environment.properties written/updated.
2025-09-27 13:54:16.573 INFO  [TestNG-tests-1] RUN - [emulator-5554] Screen recording started.
2025-09-27 13:54:45.895 INFO  [TestNG-tests-2] RUN - [emulator-5556] Recording discarded (status: SUCCESS): testSignupFlow
2025-09-27 13:54:57.066 INFO  [TestNG-tests-1] RUN - [emulator-5554] Recording discarded (status: SUCCESS): testSignupFlow
2025-09-27 13:54:59.372 INFO  [TestNG-tests-2] RUN - [emulator-5556] environment.properties written/updated.
2025-09-27 13:55:00.175 INFO  [TestNG-tests-2] RUN - [emulator-5556] Screen recording started.
2025-09-27 13:55:13.170 INFO  [TestNG-tests-1] RUN - [emulator-5554] environment.properties written/updated.
2025-09-27 13:55:13.942 INFO  [TestNG-tests-1] RUN - [emulator-5554] Screen recording started.
2025-09-27 13:55:25.519 INFO  [TestNG-tests-2] RUN - [emulator-5556] Recording discarded (status: SUCCESS): testLogin
2025-09-27 13:55:36.582 INFO  [TestNG-tests-2] RUN - [emulator-5556] environment.properties written/updated.
2025-09-27 13:55:37.183 INFO  [TestNG-tests-2] RUN - [emulator-5556] Screen recording started.
2025-09-27 13:55:41.360 INFO  [TestNG-tests-1] RUN - [emulator-5554] Recording discarded (status: SUCCESS): testLogin
2025-09-27 13:55:55.323 INFO  [TestNG-tests-1] RUN - [emulator-5554] environment.properties written/updated.
2025-09-27 13:55:56.063 INFO  [TestNG-tests-1] RUN - [emulator-5554] Screen recording started.
2025-09-27 13:56:29.878 INFO  [TestNG-tests-2] RUN - [emulator-5556] Recording discarded (status: SUCCESS): testUserProfileUpdate
2025-09-27 13:56:43.027 INFO  [TestNG-tests-2] RUN - [emulator-5556] environment.properties written/updated.
2025-09-27 13:56:43.769 INFO  [TestNG-tests-2] RUN - [emulator-5556] Screen recording started.
2025-09-27 13:56:54.559 INFO  [TestNG-tests-1] RUN - [emulator-5554] Recording discarded (status: SUCCESS): testUserProfileUpdate
2025-09-27 13:57:10.994 INFO  [TestNG-tests-1] RUN - [emulator-5554] environment.properties written/updated.
2025-09-27 13:57:11.762 INFO  [TestNG-tests-1] RUN - [emulator-5554] Screen recording started.
2025-09-27 13:58:11.558 INFO  [TestNG-tests-2] RUN - [emulator-5556] Recording discarded (status: SUCCESS): testHotelSearch
2025-09-27 13:58:24.950 INFO  [TestNG-tests-2] RUN - [emulator-5556] environment.properties written/updated.
2025-09-27 13:58:25.710 INFO  [TestNG-tests-2] RUN - [emulator-5556] Screen recording started.
2025-09-27 13:58:56.098 INFO  [TestNG-tests-1] RUN - [emulator-5554] Recording discarded (status: SUCCESS): testHotelSearch
2025-09-27 13:59:15.357 INFO  [TestNG-tests-1] RUN - [emulator-5554] environment.properties written/updated.
2025-09-27 13:59:16.362 INFO  [TestNG-tests-1] RUN - [emulator-5554] Screen recording started.
2025-09-27 13:59:17.775 INFO  [TestNG-tests-2] RUN - [emulator-5556] Recording discarded (status: SUCCESS): testHotelSearch
2025-09-27 14:00:06.591 INFO  [TestNG-tests-1] RUN - [emulator-5554] Recording discarded (status: SUCCESS): testHotelSearch
2025-09-27 14:00:07.925 INFO  [main] RUN - Suite finished: Parallel Devices
2025-09-27 14:04:41.379 INFO  [main] RUN - Allure history injected.
2025-09-27 14:05:08.693 INFO  [TestNG-tests-2] RUN - [emulator-5556] environment.properties written/updated.
2025-09-27 14:05:09.684 INFO  [TestNG-tests-2] RUN - [emulator-5556] Screen recording started.
2025-09-27 14:05:11.589 INFO  [TestNG-tests-1] RUN - [emulator-5554] environment.properties written/updated.
2025-09-27 14:05:12.997 INFO  [TestNG-tests-1] RUN - [emulator-5554] Screen recording started.
2025-09-27 14:05:43.271 INFO  [TestNG-tests-2] RUN - [emulator-5556] Recording discarded (status: SUCCESS): testSignupFlow
2025-09-27 14:05:46.523 INFO  [TestNG-tests-1] RUN - [emulator-5554] Recording discarded (status: SUCCESS): testSignupFlow
2025-09-27 14:06:03.173 INFO  [TestNG-tests-2] RUN - [emulator-5556] environment.properties written/updated.
2025-09-27 14:06:04.021 INFO  [TestNG-tests-2] RUN - [emulator-5556] Screen recording started.
2025-09-27 14:06:10.554 INFO  [TestNG-tests-1] RUN - [emulator-5554] environment.properties written/updated.
2025-09-27 14:06:11.568 INFO  [TestNG-tests-1] RUN - [emulator-5554] Screen recording started.
2025-09-27 14:06:29.355 INFO  [TestNG-tests-2] RUN - [emulator-5556] Recording discarded (status: SUCCESS): testLogin
2025-09-27 14:06:38.995 INFO  [TestNG-tests-1] RUN - [emulator-5554] Recording discarded (status: SUCCESS): testLogin
2025-09-27 14:06:46.388 INFO  [TestNG-tests-2] RUN - [emulator-5556] environment.properties written/updated.
2025-09-27 14:06:47.122 INFO  [TestNG-tests-2] RUN - [emulator-5556] Screen recording started.
2025-09-27 14:06:59.597 INFO  [TestNG-tests-1] RUN - [emulator-5554] environment.properties written/updated.
2025-09-27 14:07:00.941 INFO  [TestNG-tests-1] RUN - [emulator-5554] Screen recording started.
2025-09-27 14:07:36.175 INFO  [TestNG-tests-2] RUN - [emulator-5556] Recording discarded (status: SUCCESS): testUserProfileUpdate
2025-09-27 14:07:49.979 INFO  [TestNG-tests-1] RUN - [emulator-5554] Recording discarded (status: SUCCESS): testUserProfileUpdate
2025-09-27 14:07:54.821 INFO  [TestNG-tests-2] RUN - [emulator-5556] environment.properties written/updated.
2025-09-27 14:07:55.658 INFO  [TestNG-tests-2] RUN - [emulator-5556] Screen recording started.
2025-09-27 14:08:13.151 INFO  [TestNG-tests-1] RUN - [emulator-5554] environment.properties written/updated.
2025-09-27 14:08:14.742 INFO  [TestNG-tests-1] RUN - [emulator-5554] Screen recording started.
2025-09-27 14:09:44.463 INFO  [TestNG-tests-2] RUN - [emulator-5556] Recording discarded (status: SUCCESS): testHotelSearch
2025-09-27 14:09:51.472 INFO  [TestNG-tests-1] RUN - [emulator-5554] Recording discarded (status: SUCCESS): testHotelSearch
2025-09-27 14:10:07.677 INFO  [TestNG-tests-2] RUN - [emulator-5556] environment.properties written/updated.
2025-09-27 14:10:08.654 INFO  [TestNG-tests-2] RUN - [emulator-5556] Screen recording started.
2025-09-27 14:10:17.888 INFO  [TestNG-tests-1] RUN - [emulator-5554] environment.properties written/updated.
2025-09-27 14:10:19.057 INFO  [TestNG-tests-1] RUN - [emulator-5554] Screen recording started.
2025-09-27 14:10:54.114 INFO  [TestNG-tests-2] RUN - [emulator-5556] Recording discarded (status: SUCCESS): testHotelSearch
2025-09-27 14:11:06.255 INFO  [TestNG-tests-1] RUN - [emulator-5554] Recording discarded (status: SUCCESS): testHotelSearch
2025-09-27 14:11:07.925 INFO  [main] RUN - Suite finished: Parallel Devices
2025-09-27 14:26:41.074 INFO  [main] org.testng.internal.Utils - [TestNG] Running:
  C:\Users\raxit\AppData\Local\JetBrains\IntelliJIdea2023.1\temp-testng-customsuite.xml

2025-09-27 14:28:13.736 INFO  [main] org.testng.internal.Utils - [TestNG] Running:
  C:\Users\raxit\AppData\Local\JetBrains\IntelliJIdea2023.1\temp-testng-customsuite.xml

2025-09-27 14:30:22.025 INFO  [main] org.testng.internal.Utils - [TestNG] Running:
  C:\Users\raxit\AppData\Local\JetBrains\IntelliJIdea2023.1\temp-testng-customsuite.xml

2025-09-27 14:31:13.035 INFO  [main] org.testng.internal.Utils - [TestNG] Running:
  C:\Users\raxit\AppData\Local\JetBrains\IntelliJIdea2023.1\temp-testng-customsuite.xml

2025-09-27 14:34:29.809 INFO  [main] org.testng.internal.Utils - [TestNG] Running:
  C:\Users\raxit\AppData\Local\JetBrains\IntelliJIdea2023.1\temp-testng-customsuite.xml

